// Jest Snapshot v1, https://goo.gl/fbAQLP

exports[`properly sanitizes code 1`] = `
<div>
  <div
    class="makeStyles-code-1"
  >
    <pre
      class="3024-day makeStyles-loadingCode-2"
    >
      main:

map ::= {
  1234: "Siri",
  2345: "John",
  3456: "Sue"
  }

map.do: | id name |
  print "$name has ID $id"
    </pre>
  </div>
</div>
`;
