// Jest Snapshot v1, https://goo.gl/fbAQLP

exports[`renders correctly 1`] = `
<div>
  <h1
    class="makeStyles-test"
  >
    Content
  </h1>
</div>
`;
